// Jest Snapshot v1, https://goo.gl/fbAQLP

exports[`Should Review render correctly 1`] = `
<div
  className="review"
>
  <blockquote
    className="review__quote"
  >
    <p
      className="review__text"
    >
      I didn&apos;t find it amusing, and while I can appreciate the creativity, it&apos;s an hour and 40 minutes I wish I could take back.
    </p>
    <footer
      className="review__details"
    >
      <cite
        className="review__author"
      >
        Amanda Greever
      </cite>
      <time
        className="review__date"
        dateTime="2015-11-18"
      >
        2015-11-18
      </time>
    </footer>
  </blockquote>
  <div
    className="review__rating"
  >
    8,0
  </div>
</div>
`;
